This is pdfTeX, Version 3.141592653-2.6-1.40.28 (TeX Live 2025/Debian) (preloaded format=pdfetex 2026.8.17)  18 AUG 2026 22:12
entering extended mode
 restricted \write18 enabled.
 file:line:error style messages enabled.
 %&-line parsing enabled.
**\input ../../../.././mathml.texi \input ../../../.././mathml.texi
(../../../.././mathml.texi
(/home/dauti/Software/maxima-code/maxima-5.50.0/crosscompile-windows/build/maxi
ma-prefix/src/maxima/share/contrib/lurkmathml/doc/texinfo.tex
Loading texinfo [version 2018-02-12.17]:
\outerhsize=\dimen16
\outervsize=\dimen17
\cornerlong=\dimen18
\cornerthick=\dimen19
\topandbottommargin=\dimen20
\bindingoffset=\dimen21
\normaloffset=\dimen22
\txipagewidth=\dimen23
\txipageheight=\dimen24
\headlinebox=\box16
\footlinebox=\box17
\margin=\insert252
\EMsimple=\toks13
\groupbox=\box18
\groupinvalidhelp=\toks14
\mil=\dimen25
\exdentamount=\skip18
\inmarginspacing=\skip19
\centerpenalty=\count27
 pdf,
\tempnum=\count28
\lnkcount=\count29
\filename=\toks15
\filenamelength=\count30
\pgn=\count31
\toksA=\toks16
\toksB=\toks17
\toksC=\toks18
\toksD=\toks19
\boxA=\box19
\boxB=\box20
\countA=\count32
\nopdfimagehelp=\toks20
 fonts,
\textleading=\dimen26
\sffam=\fam8
 markup,
\fontdepth=\count33
 glyphs,
\errorbox=\box21

page headings,
\titlepagetopglue=\skip20
\titlepagebottomglue=\skip21
\evenheadline=\toks21
\oddheadline=\toks22
\evenfootline=\toks23
\oddfootline=\toks24
 tables,
\tableindent=\dimen27
\itemindent=\dimen28
\itemmargin=\dimen29
\itemmax=\dimen30
\itemno=\count34
\multitableparskip=\skip22
\multitableparindent=\skip23
\multitablecolspace=\dimen31
\multitablelinespace=\skip24
\colcount=\count35
\everytab=\toks25
 conditionals,
\doignorecount=\count36
 indexing,
\dummybox=\box22
\whatsitskip=\skip25
\whatsitpenalty=\count37
\entryrightmargin=\dimen32
\thinshrinkable=\skip26
\entrybox=\box23
\delayedbox=\box24
\interbox=\box25
\secondaryindent=\skip27
\partialpage=\box26
\doublecolumnhsize=\dimen33
\savedtopmark=\toks26
\savedfirstmark=\toks27
\balancedcolumns=\box27
 sectioning,
\unnumberedno=\count38
\chapno=\count39
\secno=\count40
\subsecno=\count41
\subsubsecno=\count42
\appendixno=\count43
\absseclevel=\count44
\secbase=\count45
\chapheadingskip=\skip28
\secheadingskip=\skip29
\subsecheadingskip=\skip30
 toc,
\tocfile=\write0
\contentsrightmargin=\skip31
\savepageno=\count46
\lastnegativepageno=\count47
\tocindent=\dimen34
 environments,
\lispnarrowing=\skip32
\envskipamount=\skip33
\circthick=\dimen35
\cartouter=\dimen36
\cartinner=\dimen37
\normbskip=\skip34
\normpskip=\skip35
\normlskip=\skip36
\lskip=\skip37
\rskip=\skip38
\nonfillparindent=\dimen38
\tabw=\dimen39
\verbbox=\box28

defuns,
\defbodyindent=\skip39
\defargsindent=\skip40
\deflastargmargin=\skip41
\defunpenalty=\count48
\parencount=\count49
\brackcount=\count50
 macros,
\savedcatcodeone=\count51
\savedcatcodetwo=\count52
\paramno=\count53
\macname=\toks28
 cross references,
\auxfile=\write1
\savesfregister=\count54
\toprefbox=\box29
\printedrefnamebox=\box30
\infofilenamebox=\box31
\printedmanualbox=\box32
 insertions,
\footnoteno=\count55
\SAVEfootins=\box33
\SAVEmargin=\box34

(/usr/share/texlive/texmf-dist/tex/generic/epsf/epsf.tex
This is `epsf.tex' v2.7.4 <14 February 2011>
\epsffilein=\read1
\epsfframemargin=\dimen40
\epsfframethickness=\dimen41
\epsfrsize=\dimen42
\epsftmp=\dimen43
\epsftsize=\dimen44
\epsfxsize=\dimen45
\epsfysize=\dimen46
\pspoints=\dimen47
)
\noepsfhelp=\toks29
 localization,
\nolanghelp=\toks30
\countUTFx=\count56
\countUTFy=\count57
\countUTFz=\count58
 formatting,
\defaultparindent=\dimen48
 and turning on texinfo input format.) ()
\openout0 = `mathml.toc'.


(./mathml.aux)
\openout1 = `mathml.aux'.

 Chapter 1 [1]
@fnindfile=@write2
\openout2 = `mathml.fn'.


Writing index file mathml.fn
Missing character: There is no â in font cmtt10!
Missing character: There is no ” in font cmtt10!
Missing character: There is no € in font cmtt10!
Missing character: There is no â in font cmtt10!
Missing character: There is no ” in font cmtt10!
Missing character: There is no € in font cmtt10!
Missing character: There is no â in font cmtt10!
Missing character: There is no ” in font cmtt10!
Missing character: There is no € in font cmtt10!
Missing character: There is no â in font cmtt10!
Missing character: There is no ” in font cmtt10!
Missing character: There is no € in font cmtt10!
Missing character: There is no â in font cmtt10!
Missing character: There is no ” in font cmtt10!
Missing character: There is no € in font cmtt10!
Missing character: There is no â in font cmtt10!
Missing character: There is no ” in font cmtt10!
Missing character: There is no € in font cmtt10!
Missing character: There is no â in font cmtt10!
Missing character: There is no ” in font cmtt10!
Missing character: There is no € in font cmtt10!
Missing character: There is no â in font cmtt10!
Missing character: There is no ” in font cmtt10!
Missing character: There is no € in font cmtt10!
Missing character: There is no â in font cmtt10!
Missing character: There is no ” in font cmtt10!
Missing character: There is no € in font cmtt10!
Missing character: There is no â in font cmtt10!
Missing character: There is no ” in font cmtt10!
Missing character: There is no € in font cmtt10!
Missing character: There is no â in font cmtt10!
Missing character: There is no ” in font cmtt10!
Missing character: There is no € in font cmtt10!
Missing character: There is no â in font cmtt10!
Missing character: There is no ” in font cmtt10!
Missing character: There is no € in font cmtt10!
Missing character: There is no â in font cmtt10!
Missing character: There is no ” in font cmtt10!
Missing character: There is no € in font cmtt10!
Missing character: There is no â in font cmtt10!
Missing character: There is no ” in font cmtt10!
Missing character: There is no € in font cmtt10!
Missing character: There is no â in font cmtt10!
Missing character: There is no ” in font cmtt10!
Missing character: There is no € in font cmtt10!
Missing character: There is no â in font cmtt10!
Missing character: There is no ” in font cmtt10!
Missing character: There is no € in font cmtt10!
Missing character: There is no â in font cmtt10!
Missing character: There is no ” in font cmtt10!
Missing character: There is no € in font cmtt10!
Missing character: There is no â in font cmtt10!
Missing character: There is no ” in font cmtt10!
Missing character: There is no € in font cmtt10!
Missing character: There is no â in font cmtt10!
Missing character: There is no ” in font cmtt10!
Missing character: There is no € in font cmtt10!
Missing character: There is no â in font cmtt10!
Missing character: There is no ” in font cmtt10!
Missing character: There is no € in font cmtt10!
Missing character: There is no â in font cmtt10!
Missing character: There is no ” in font cmtt10!
Missing character: There is no € in font cmtt10!
Missing character: There is no â in font cmtt10!
Missing character: There is no ” in font cmtt10!
Missing character: There is no € in font cmtt10!
Missing character: There is no â in font cmtt10!
Missing character: There is no ” in font cmtt10!
Missing character: There is no € in font cmtt10!
Missing character: There is no â in font cmtt10!
Missing character: There is no ” in font cmtt10!
Missing character: There is no € in font cmtt10!
Missing character: There is no â in font cmtt10!
Missing character: There is no ” in font cmtt10!
Missing character: There is no € in font cmtt10!
Missing character: There is no â in font cmtt10!
Missing character: There is no ” in font cmtt10!
Missing character: There is no € in font cmtt10!
Missing character: There is no â in font cmtt10!
Missing character: There is no ” in font cmtt10!
Missing character: There is no € in font cmtt10!
Missing character: There is no â in font cmtt10!
Missing character: There is no ” in font cmtt10!
Missing character: There is no € in font cmtt10!
Missing character: There is no â in font cmtt10!
Missing character: There is no ” in font cmtt10!
Missing character: There is no € in font cmtt10!
Missing character: There is no â in font cmtt10!
Missing character: There is no ” in font cmtt10!
Missing character: There is no € in font cmtt10!
Missing character: There is no â in font cmtt10!
Missing character: There is no ” in font cmtt10!
Missing character: There is no € in font cmtt10!
Missing character: There is no â in font cmtt10!
Missing character: There is no ” in font cmtt10!
Missing character: There is no € in font cmtt10!
Missing character: There is no â in font cmtt10!
Missing character: There is no ” in font cmtt10!
Missing character: There is no € in font cmtt10!
Missing character: There is no â in font cmtt10!
Missing character: There is no ” in font cmtt10!
Missing character: There is no € in font cmtt10!
Missing character: There is no â in font cmtt10!
Missing character: There is no ” in font cmtt10!
Missing character: There is no € in font cmtt10!
Missing character: There is no â in font cmtt10!
Missing character: There is no ” in font cmtt10!
Missing character: There is no € in font cmtt10!
Missing character: There is no â in font cmtt10!
Missing character: There is no ” in font cmtt10!
Missing character: There is no € in font cmtt10!
Missing character: There is no â in font cmtt10!
Missing character: There is no ” in font cmtt10!
Missing character: There is no € in font cmtt10!
Missing character: There is no â in font cmtt10!
Missing character: There is no ” in font cmtt10!
Missing character: There is no € in font cmtt10!
Missing character: There is no â in font cmtt10!
Missing character: There is no ” in font cmtt10!
Missing character: There is no € in font cmtt10!
Missing character: There is no â in font cmtt10!
Missing character: There is no ” in font cmtt10!
Missing character: There is no € in font cmtt10!
Missing character: There is no â in font cmtt10!
Missing character: There is no ” in font cmtt10!
Missing character: There is no € in font cmtt10!
Missing character: There is no â in font cmtt10!
Missing character: There is no ” in font cmtt10!
Missing character: There is no € in font cmtt10!
Missing character: There is no â in font cmtt10!
Missing character: There is no ” in font cmtt10!
Missing character: There is no € in font cmtt10!
Missing character: There is no â in font cmtt10!
Missing character: There is no ” in font cmtt10!
Missing character: There is no € in font cmtt10!
[2{/var/lib/texmf/fonts/map/pdftex/updmap/pdftex.map}]
@vrindfile=@write3
\openout3 = `mathml.vr'.


Writing index file mathml.vr

Overfull \hbox (95.5875pt too wide) in paragraph at lines 266--266
 []@texttt (%i2) (mathml_non_numeric_subscripts:false, mathml_underscore_is_sub
script:true) $[] |

@hbox(7.60416+2.43333)x433.62
.@glue(@leftskip) 57.8151
.@hbox(0.0+0.0)x0.0
.@texttt (
.@texttt %
.@texttt i
.etc.


Overfull \hbox (124.33093pt too wide) in paragraph at lines 273--273
 [] @texttt <msub><mi>a_variable_name</mi> <msub><mi> 1 </mi> <mi> 2 </mi>   </
msub></msub></math>[] |

@hbox(7.60416+1.04173)x433.62
.@glue(@leftskip) 57.8151
.@hbox(0.0+0.0)x0.0
.@penalty 10000
.@glue 5.74869
.@texttt <
.etc.


Overfull \hbox (101.33618pt too wide) in paragraph at lines 278--278
 [] @texttt <msub><mi>a</mi> <msub><mi> variable </mi> <mi> name </mi>   </msub
></msub></math>[] |

@hbox(7.60416+0.91246)x433.62
.@glue(@leftskip) 57.8151
.@hbox(0.0+0.0)x0.0
.@penalty 10000
.@glue 5.74869
.@texttt <
.etc.

[3]
Overfull \hbox (400.26794pt too wide) in paragraph at lines 282--282
 [] @texttt <msub><mi>a</mi> <msub><mi> variable </mi> <msub><mi> name </mi> <m
sub><mi> 1 </mi> <mi> 2 </mi>   </msub></msub></msub></msub></math>[] |

@hbox(7.60416+0.91246)x433.62
.@glue(@leftskip) 57.8151
.@hbox(0.0+0.0)x0.0
.@penalty 10000
.@glue 5.74869
.@texttt <
.etc.

Appendix A [4] [5] ) 
Here is how much of TeX's memory you used:
 3210 strings out of 494954
 33430 string characters out of 6156570
 80351 words of memory out of 5000000
 4709 multiletter control sequences out of 15000+600000
 34384 words of font info for 120 fonts, out of 8000000 for 9000
 1179 hyphenation exceptions out of 8191
 14i,5n,16p,342b,595s stack positions out of 10000i,1000n,20000p,200000b,200000s
</usr/share/texlive/texmf-dist/fonts/type1/public/amsfonts/
cm/cmbx12.pfb></usr/share/texlive/texmf-dist/fonts/type1/public/amsfonts/cm/cmm
i9.pfb></usr/share/texlive/texmf-dist/fonts/type1/public/amsfonts/cm/cmr10.pfb>
</usr/share/texlive/texmf-dist/fonts/type1/public/amsfonts/cm/cmr9.pfb></usr/sh
are/texlive/texmf-dist/fonts/type1/public/amsfonts/cm/cmsl10.pfb></usr/share/te
xlive/texmf-dist/fonts/type1/public/amsfonts/cm/cmtt10.pfb></usr/share/texlive/
texmf-dist/fonts/type1/public/amsfonts/cm/cmtt9.pfb>
Output written on mathml.pdf (5 pages, 90010 bytes).
PDF statistics:
 70 PDF objects out of 1000 (max. 8388607)
 52 compressed objects within 1 object stream
 12 named destinations out of 1000 (max. 500000)
 13 words of extra memory for PDF output out of 10000 (max. 10000000)

